// Jest Snapshot v1, https://goo.gl/fbAQLP

exports[`SubmissionsTable component component render tests snapshots snapshot: empty (no list data) 1`] = `null`;

exports[`SubmissionsTable component component render tests snapshots snapshot: happy path 1`] = `
<div
  className="submissions-table"
>
  <DataTable
    FilterStatusComponent={[MockFunction FilterStatusComponent]}
    bulkActions={
      Array [
        <mockConstructor
          handleClick={[Function]}
        />,
      ]
    }
    columns={
      Array [
        Object {
          "Header": "Username",
          "accessor": "username",
        },
        Object {
          "Cell": [Function],
          "Header": "Learner submission date",
          "accessor": "dateSubmitted",
          "disableFilters": true,
        },
        Object {
          "Cell": [Function],
          "Header": "Grade",
          "accessor": "score",
          "disableFilters": true,
        },
        Object {
          "Cell": [Function],
          "Filter": "MultiSelectDropdownFilter",
          "Header": "Grading status",
          "accessor": "gradingStatus",
          "filter": "includesValue",
          "filterChoices": Array [
            Object {
              "name": "Ungraded",
              "value": "ungraded",
            },
            Object {
              "name": "Grading Completed",
              "value": "graded",
            },
            Object {
              "name": "Currently being graded by someone else",
              "value": "locked",
            },
            Object {
              "name": "You are currently grading this response",
              "value": "in-progress",
            },
          ],
        },
      ]
    }
    data={
      Array [
        Object {
          "dateSubmitted": "2021-12-08 09:06:15.319213+00:00",
          "gradingStatus": "ungraded",
          "score": Object {
            "pointsEarned": 1,
            "pointsPossible": 10,
          },
          "username": "username-1",
        },
        Object {
          "dateSubmitted": "2021-12-10 18:06:15.319213+00:00",
          "gradingStatus": "graded",
          "score": Object {
            "pointsEarned": 2,
            "pointsPossible": 10,
          },
          "username": "username-2",
        },
        Object {
          "dateSubmitted": "2021-12-11 07:06:15.319213+00:00",
          "gradingStatus": "in-progress",
          "score": Object {
            "pointsEarned": 3,
            "pointsPossible": 10,
          },
          "username": "username-3",
        },
      ]
    }
    data-testid="data-table"
    defaultColumnValues={
      Object {
        "Filter": "TextFilter",
      }
    }
    initialState={
      Object {
        "pageIndex": 0,
        "pageSize": 10,
      }
    }
    isFilterable={true}
    isPaginated={true}
    isSelectable={true}
    isSortable={true}
    itemCount={3}
    numBreakoutFilters={2}
    tableActions={
      Array [
        <mockConstructor
          handleClick={[Function]}
        />,
      ]
    }
  >
    <DataTable.TableControlBar />
    <DataTable.Table />
    <DataTable.TableFooter />
  </DataTable>
</div>
`;

exports[`SubmissionsTable component component render tests snapshots snapshot: team happy path 1`] = `
<div
  className="submissions-table"
>
  <DataTable
    FilterStatusComponent={[MockFunction FilterStatusComponent]}
    bulkActions={
      Array [
        <mockConstructor
          handleClick={[Function]}
        />,
      ]
    }
    columns={
      Array [
        Object {
          "Header": "Team name",
          "accessor": "teamName",
        },
        Object {
          "Cell": [Function],
          "Header": "Team submission date",
          "accessor": "dateSubmitted",
          "disableFilters": true,
        },
        Object {
          "Cell": [Function],
          "Header": "Grade",
          "accessor": "score",
          "disableFilters": true,
        },
        Object {
          "Cell": [Function],
          "Filter": "MultiSelectDropdownFilter",
          "Header": "Grading status",
          "accessor": "gradingStatus",
          "filter": "includesValue",
          "filterChoices": Array [
            Object {
              "name": "Ungraded",
              "value": "ungraded",
            },
            Object {
              "name": "Grading Completed",
              "value": "graded",
            },
            Object {
              "name": "Currently being graded by someone else",
              "value": "locked",
            },
            Object {
              "name": "You are currently grading this response",
              "value": "in-progress",
            },
          ],
        },
      ]
    }
    data={
      Array [
        Object {
          "dateSubmitted": "2021-12-08 09:06:15.319213+00:00",
          "gradingStatus": "ungraded",
          "score": Object {
            "pointsEarned": 1,
            "pointsPossible": 10,
          },
          "teamName": "teamName-1",
        },
        Object {
          "dateSubmitted": "2021-12-10 18:06:15.319213+00:00",
          "gradingStatus": "graded",
          "score": Object {
            "pointsEarned": 2,
            "pointsPossible": 10,
          },
          "teamName": "teamName-2",
        },
        Object {
          "dateSubmitted": "2021-12-11 07:06:15.319213+00:00",
          "gradingStatus": "in-progress",
          "score": Object {
            "pointsEarned": 3,
            "pointsPossible": 10,
          },
          "teamName": "teamName-3",
        },
      ]
    }
    data-testid="data-table"
    defaultColumnValues={
      Object {
        "Filter": "TextFilter",
      }
    }
    initialState={
      Object {
        "pageIndex": 0,
        "pageSize": 10,
      }
    }
    isFilterable={true}
    isPaginated={true}
    isSelectable={true}
    isSortable={true}
    itemCount={3}
    numBreakoutFilters={2}
    tableActions={
      Array [
        <mockConstructor
          handleClick={[Function]}
        />,
      ]
    }
  >
    <DataTable.TableControlBar />
    <DataTable.Table />
    <DataTable.TableFooter />
  </DataTable>
</div>
`;
