// Jest Snapshot v1, https://goo.gl/fbAQLP

exports[`WidgetFooter snapshots default 1`] = `
<div
  className="widget-footer"
>
  <ProductRecommendations />
</div>
`;
