// Jest Snapshot v1, https://goo.gl/fbAQLP

exports[`Info Popover Component snapshot 1`] = `
<OverlayTrigger
  flip={true}
  overlay={
    <Popover
      className="overlay-help-popover"
      id="info-popover"
    >
      <Popover.Content>
        <div>
          Children component
        </div>
      </Popover.Content>
    </Popover>
  }
  placement="right-end"
  trigger="focus"
>
  <IconButton
    alt="Display more info"
    className="esg-help-icon"
    data-testid="esg-help-icon"
    iconAs="Icon"
    onClick={[MockFunction this.props.onClick]}
    src={[MockFunction icons.InfoOutline]}
  />
</OverlayTrigger>
`;
