// Jest Snapshot v1, https://goo.gl/fbAQLP

exports[`RecommendationsPanel LoadingView snapshot 1`] = `
<div
  className="recommendations-loading w-100"
>
  <Spinner
    animation="border"
    variant="light"
  />
</div>
`;
