// Jest Snapshot v1, https://goo.gl/fbAQLP

exports[`PreviewDisplay component snapshot files does not exist 1`] = `
<div
  className="preview-display"
/>
`;

exports[`PreviewDisplay component snapshot files render with props 1`] = `
<div
  className="preview-display"
>
  <FileRenderer
    file={
      Object {
        "description": "file description 0",
        "downloadUrl": "/url-path/fake_file_0.pdf",
        "name": "fake_file_0.pdf",
      }
    }
    key="fake_file_0.pdf"
  />
  <FileRenderer
    file={
      Object {
        "description": "file description 1",
        "downloadUrl": "/url-path/fake_file_1.jpg",
        "name": "fake_file_1.jpg",
      }
    }
    key="fake_file_1.jpg"
  />
  <FileRenderer
    file={
      Object {
        "description": "file description 2",
        "downloadUrl": "/url-path/fake_file_2.jpeg",
        "name": "fake_file_2.jpeg",
      }
    }
    key="fake_file_2.jpeg"
  />
  <FileRenderer
    file={
      Object {
        "description": "file description 3",
        "downloadUrl": "/url-path/fake_file_3.png",
        "name": "fake_file_3.png",
      }
    }
    key="fake_file_3.png"
  />
  <FileRenderer
    file={
      Object {
        "description": "file description 4",
        "downloadUrl": "/url-path/fake_file_4.bmp",
        "name": "fake_file_4.bmp",
      }
    }
    key="fake_file_4.bmp"
  />
  <FileRenderer
    file={
      Object {
        "description": "file description 5",
        "downloadUrl": "/url-path/fake_file_5.txt",
        "name": "fake_file_5.txt",
      }
    }
    key="fake_file_5.txt"
  />
  <FileRenderer
    file={
      Object {
        "description": "file description 6",
        "downloadUrl": "/url-path/fake_file_6.gif",
        "name": "fake_file_6.gif",
      }
    }
    key="fake_file_6.gif"
  />
  <FileRenderer
    file={
      Object {
        "description": "file description 7",
        "downloadUrl": "/url-path/fake_file_7.jfif",
        "name": "fake_file_7.jfif",
      }
    }
    key="fake_file_7.jfif"
  />
  <FileRenderer
    file={
      Object {
        "description": "file description 8",
        "downloadUrl": "/url-path/fake_file_8.pjpeg",
        "name": "fake_file_8.pjpeg",
      }
    }
    key="fake_file_8.pjpeg"
  />
  <FileRenderer
    file={
      Object {
        "description": "file description 9",
        "downloadUrl": "/url-path/fake_file_9.pjp",
        "name": "fake_file_9.pjp",
      }
    }
    key="fake_file_9.pjp"
  />
  <FileRenderer
    file={
      Object {
        "description": "file description 10",
        "downloadUrl": "/url-path/fake_file_10.svg",
        "name": "fake_file_10.svg",
      }
    }
    key="fake_file_10.svg"
  />
</div>
`;
