// Jest Snapshot v1, https://goo.gl/fbAQLP

exports[`DemoWarning component snapshots does not render if disabled flag is missing 1`] = `null`;

exports[`DemoWarning component snapshots snapshot: disabled flag is present 1`] = `
<Alert
  className="mb-0 rounded-0"
  variant="warning"
>
  <Alert.Heading>
    <FormattedMessage
      defaultMessage="Demo Mode"
      description="Demo mode heading"
      id="ora-grading.ReviewModal.demoHeading"
    />
  </Alert.Heading>
  <p>
    <FormattedMessage
      defaultMessage="You are demoing the new ORA staff grading experience. You will be unable to submit grades until you activate the feature. This will become the default grading experience on May 9th (05/09/2022). To opt-in early, or opt-out, please contact Partner Support."
      description="Demo mode message"
      id="ora-grading.ReviewModal.demoMessage"
    />
  </p>
</Alert>
`;
