// Jest Snapshot v1, https://goo.gl/fbAQLP

exports[`ProductRecommendations ProductCard matches snapshot 1`] = `
<Card
  as="Hyperlink"
  className="base-card d-flex text-decoration-none"
  destination="https://www.edx.org/course/some-course?utm_source=source&linked_from=recommender"
  isClickable={true}
  onClick={[Function]}
>
  <Card.ImageCap
    logoAlt="logo for Harvard University"
    logoSrc="http://www.image.com/ef72daf3-c9a1-4c00-ba37-b3514392bdcf-8839c516815a.png"
    src="https://www.image-2.com/ed79a49b-64c1-48d2-afdc-054bf921e38d-6a76ceb47dea.small.jpg"
    srcAlt="header image for Introduction to Computer Science"
  />
  <Card.Header
    className="mt-2"
    subtitle={
      <Truncate
        className="product-card-subtitle font-weight-normal"
        lines={1}
      >
        Harvard University
      </Truncate>
    }
    title={
      <Truncate
        className="product-card-title font-weight-bold"
        ellipsis="â€¦"
        lines={3}
      >
        Introduction to Computer Science
      </Truncate>
    }
  />
  <Card.Section>
    <div
      className="product-badge position-absolute"
    >
      <Badge
        className="bg-light-500 text-dark-500"
      >
        Executive Education
      </Badge>
    </div>
  </Card.Section>
</Card>
`;
