// Jest Snapshot v1, https://goo.gl/fbAQLP

exports[`File Preview Card component snapshot 1`] = `
<Card
  className="file-card"
  key="test-file-name.pdf"
>
  <Collapsible
    className="file-collapsible"
    defaultOpen={true}
    title={
      <h3
        className="file-card-title"
      >
        test-file-name.pdf
      </h3>
    }
  >
    <div
      className="preview-panel"
      data-testid="preview-panel"
    >
      <FileInfo>
        <FilePopoverContent
          description="test-file description"
          downloadUrl="destination/test-file-name.pdf"
          name="test-file-name.pdf"
        />
      </FileInfo>
      <h1>
        some children
      </h1>
    </div>
  </Collapsible>
</Card>
`;
