// Jest Snapshot v1, https://goo.gl/fbAQLP

exports[`DecodePageRoute should not modify the url if it does not need to be decoded 1`] = `
<div>
  PageWrap: {
  "children": [
    " ",
    [
      " ",
      [],
      " "
    ],
    " "
  ]
}
</div>
`;
